#
# There is insufficient memory for the Java Runtime Environment to continue.
# Native memory allocation (malloc) failed to allocate 131088 bytes. Error detail: Chunk::new
# Possible reasons:
#   The system is out of physical RAM or swap space
#   This process is running with CompressedOops enabled, and the Java Heap may be blocking the growth of the native heap
# Possible solutions:
#   Reduce memory load on the system
#   Increase physical memory or swap space
#   Check if swap backing store is full
#   Decrease Java heap size (-Xmx/-Xms)
#   Decrease number of Java threads
#   Decrease Java thread stack sizes (-Xss)
#   Set larger code cache with -XX:ReservedCodeCacheSize=
#   JVM is running with Zero Based Compressed Oops mode in which the Java heap is
#     placed in the first 32GB address space. The Java Heap base address is the
#     maximum limit for the native heap growth. Please use -XX:HeapBaseMinAddress
#     to set the Java Heap base and to place the Java Heap above 32GB virtual address.
# This output file may be truncated or incomplete.
#
#  Out of Memory Error (arena.cpp:168), pid=8864, tid=12624
#
# JRE version: OpenJDK Runtime Environment JBR-21.0.9+1-1163.86-jcef (21.0.9+1) (build 21.0.9+1-b1163.86)
# Java VM: OpenJDK 64-Bit Server VM JBR-21.0.9+1-1163.86-jcef (21.0.9+1-b1163.86, mixed mode, sharing, tiered, compressed oops, compressed class ptrs, g1 gc, windows-amd64)
# No core dump will be written. Minidumps are not enabled by default on client versions of Windows
#

---------------  S U M M A R Y ------------

Command Line: git4idea.http.GitAskPassApp Password for 'https://andybuki@github.com': 

Host: AMD Ryzen 5 Pro 7535U with Radeon Graphics     , 12 cores, 15G,  Windows 11 , 64 bit Build 26100 (10.0.26100.7705)
Time: Sun Mar 22 22:06:25 2026 Mitteleuropäische Zeit elapsed time: 0.700929 seconds (0d 0h 0m 0s)

---------------  T H R E A D  ---------------

Current thread (0x000001f1e2149150):  JavaThread "C2 CompilerThread2" daemon [_thread_in_native, id=12624, stack(0x000000b018800000,0x000000b018900000) (1024K)]


Current CompileTask:
C2:700 1067       4       sun.security.ec.ECOperations::setDouble (463 bytes)

Stack: [0x000000b018800000,0x000000b018900000]
Native frames: (J=compiled Java code, j=interpreted, Vv=VM code, C=native code)
V  [jvm.dll+0x6ec339]
V  [jvm.dll+0x8cc463]
V  [jvm.dll+0x8cea7e]
V  [jvm.dll+0x8cf163]
V  [jvm.dll+0x28b006]
V  [jvm.dll+0xc6f3d]
V  [jvm.dll+0xc7473]
V  [jvm.dll+0xc7065]
V  [jvm.dll+0x6c667c]
V  [jvm.dll+0x62026e]
V  [jvm.dll+0x60ed2b]
V  [jvm.dll+0x60e955]
V  [jvm.dll+0x830fca]
V  [jvm.dll+0x8283dc]
V  [jvm.dll+0x83414a]
V  [jvm.dll+0x6127c2]
V  [jvm.dll+0x25b0b2]
V  [jvm.dll+0x25b46f]
V  [jvm.dll+0x253c15]
V  [jvm.dll+0x25146e]
V  [jvm.dll+0x1ceb04]
V  [jvm.dll+0x260e0e]
V  [jvm.dll+0x25f356]
V  [jvm.dll+0x4031b6]
V  [jvm.dll+0x874178]
V  [jvm.dll+0x6eaabd]
C  [ucrtbase.dll+0x37b0]
C  [KERNEL32.DLL+0x2e8d7]
C  [ntdll.dll+0x8c40c]


---------------  P R O C E S S  ---------------

Threads class SMR info:
_java_thread_list=0x000001f1e207c340, length=16, elements={
0x000001f18087b2d0, 0x000001f19b884bb0, 0x000001f19b8889f0, 0x000001f19b889060,
0x000001f19b88dba0, 0x000001f19b894900, 0x000001f19b894f90, 0x000001f19b895620,
0x000001f19b8c78a0, 0x000001f19b8c7f50, 0x000001f19b895cb0, 0x000001f19b892830,
0x000001f19b892ec0, 0x000001f19b893550, 0x000001f1e20aafb0, 0x000001f1e2149150
}

Java Threads: ( => current thread )
  0x000001f18087b2d0 JavaThread "main"                              [_thread_blocked, id=20844, stack(0x000000b017100000,0x000000b017200000) (1024K)]
  0x000001f19b884bb0 JavaThread "Common-Cleaner"             daemon [_thread_blocked, id=22040, stack(0x000000b017900000,0x000000b017a00000) (1024K)]
  0x000001f19b8889f0 JavaThread "Reference Handler"          daemon [_thread_blocked, id=21764, stack(0x000000b017a00000,0x000000b017b00000) (1024K)]
  0x000001f19b889060 JavaThread "Finalizer"                  daemon [_thread_blocked, id=20716, stack(0x000000b017b00000,0x000000b017c00000) (1024K)]
  0x000001f19b88dba0 JavaThread "Signal Dispatcher"          daemon [_thread_blocked, id=21320, stack(0x000000b017c00000,0x000000b017d00000) (1024K)]
  0x000001f19b894900 JavaThread "Attach Listener"            daemon [_thread_blocked, id=22164, stack(0x000000b017d00000,0x000000b017e00000) (1024K)]
  0x000001f19b894f90 JavaThread "Service Thread"             daemon [_thread_blocked, id=10792, stack(0x000000b017e00000,0x000000b017f00000) (1024K)]
  0x000001f19b895620 JavaThread "Monitor Deflation Thread"   daemon [_thread_blocked, id=18316, stack(0x000000b017f00000,0x000000b018000000) (1024K)]
  0x000001f19b8c78a0 JavaThread "C2 CompilerThread0"         daemon [_thread_blocked, id=7304, stack(0x000000b018000000,0x000000b018100000) (1024K)]
  0x000001f19b8c7f50 JavaThread "C1 CompilerThread0"         daemon [_thread_blocked, id=14940, stack(0x000000b018100000,0x000000b018200000) (1024K)]
  0x000001f19b895cb0 JavaThread "Notification Thread"        daemon [_thread_blocked, id=3852, stack(0x000000b018200000,0x000000b018300000) (1024K)]
  0x000001f19b892830 JavaThread "HttpClient-1-SelectorManager" daemon [_thread_in_native, id=7328, stack(0x000000b018300000,0x000000b018400000) (1024K)]
  0x000001f19b892ec0 JavaThread "HttpClient-1-Worker-0"      daemon [_thread_in_vm, id=18024, stack(0x000000b018500000,0x000000b018600000) (1024K)]
  0x000001f19b893550 JavaThread "HttpClient-1-Worker-1"      daemon [_thread_blocked, id=20720, stack(0x000000b018600000,0x000000b018700000) (1024K)]
  0x000001f1e20aafb0 JavaThread "C2 CompilerThread1"         daemon [_thread_blocked, id=19488, stack(0x000000b018700000,0x000000b018800000) (1024K)]
=>0x000001f1e2149150 JavaThread "C2 CompilerThread2"         daemon [_thread_in_native, id=12624, stack(0x000000b018800000,0x000000b018900000) (1024K)]
Total: 16

Other Threads:
  0x000001f19ada59a0 VMThread "VM Thread"                           [id=21348, stack(0x000000b017800000,0x000000b017900000) (1024K)]
  0x000001f19ad96530 WatcherThread "VM Periodic Task Thread"        [id=18588, stack(0x000000b017700000,0x000000b017800000) (1024K)]
  0x000001f1808ddf30 WorkerThread "GC Thread#0"                     [id=20580, stack(0x000000b017200000,0x000000b017300000) (1024K)]
  0x000001f1808ee580 ConcurrentGCThread "G1 Main Marker"            [id=14920, stack(0x000000b017300000,0x000000b017400000) (1024K)]
  0x000001f1808f0910 WorkerThread "G1 Conc#0"                       [id=21060, stack(0x000000b017400000,0x000000b017500000) (1024K)]
  0x000001f19ac622e0 ConcurrentGCThread "G1 Refine#0"               [id=9160, stack(0x000000b017500000,0x000000b017600000) (1024K)]
  0x000001f19ac62710 ConcurrentGCThread "G1 Service"                [id=13564, stack(0x000000b017600000,0x000000b017700000) (1024K)]
Total: 7

Threads with active compile tasks:
C2 CompilerThread2  1086 1067       4       sun.security.ec.ECOperations::setDouble (463 bytes)
Total: 1

VM state: not at safepoint (normal execution)

VM Mutex/Monitor currently owned by a thread:  ([mutex/lock_event])
[0x00007ffeee1f7b30] Metaspace_lock - owner thread: 0x000001f19b892ec0

Heap address: 0x000000070ae00000, size: 3922 MB, Compressed Oops mode: Zero based, Oop shift amount: 3

CDS archive(s) mapped at: [0x000001f19c000000-0x000001f19dc20000-0x000001f19dc20000), size 29491200, SharedBaseAddress: 0x000001f19c000000, ArchiveRelocationMode: 1.
Compressed class space mapped at: 0x000001f19e000000-0x000001f1de000000, reserved size: 1073741824
Narrow klass base: 0x000001f19c000000, Narrow klass shift: 0, Narrow klass range: 0x100000000

GC Precious Log:
 CardTable entry size: 512
 Card Set container configuration: InlinePtr #cards 4 size 8 Array Of Cards #cards 16 size 48 Howl #buckets 8 coarsen threshold 3686 Howl Bitmap #cards 512 size 80 coarsen threshold 460 Card regions per heap region 1 cards per card region 4096
 CPUs: 12 total, 12 available
 Memory: 15681M
 Large Page Support: Disabled
 NUMA Support: Disabled
 Compressed Oops: Enabled (Zero based)
 Heap Region Size: 2M
 Heap Min Capacity: 8M
 Heap Initial Capacity: 246M
 Heap Max Capacity: 3922M
 Pre-touch: Disabled
 Parallel Workers: 10
 Concurrent Workers: 3
 Concurrent Refinement Workers: 10
 Periodic GC: Disabled

Heap:
 garbage-first heap   total 251904K, used 16384K [0x000000070ae00000, 0x0000000800000000)
  region size 2048K, 9 young (18432K), 0 survivors (0K)
 Metaspace       used 3660K, committed 3904K, reserved 1114112K
  class space    used 452K, committed 576K, reserved 1048576K

Heap Regions: E=young(eden), S=young(survivor), O=old, HS=humongous(starts), HC=humongous(continues), CS=collection set, F=free, TAMS=top-at-mark-start, PB=parsable bottom
|   0|0x000000070ae00000, 0x000000070ae00000, 0x000000070b000000|  0%| F|  |TAMS 0x000000070ae00000| PB 0x000000070ae00000| Untracked 
|   1|0x000000070b000000, 0x000000070b000000, 0x000000070b200000|  0%| F|  |TAMS 0x000000070b000000| PB 0x000000070b000000| Untracked 
|   2|0x000000070b200000, 0x000000070b200000, 0x000000070b400000|  0%| F|  |TAMS 0x000000070b200000| PB 0x000000070b200000| Untracked 
|   3|0x000000070b400000, 0x000000070b400000, 0x000000070b600000|  0%| F|  |TAMS 0x000000070b400000| PB 0x000000070b400000| Untracked 
|   4|0x000000070b600000, 0x000000070b600000, 0x000000070b800000|  0%| F|  |TAMS 0x000000070b600000| PB 0x000000070b600000| Untracked 
|   5|0x000000070b800000, 0x000000070b800000, 0x000000070ba00000|  0%| F|  |TAMS 0x000000070b800000| PB 0x000000070b800000| Untracked 
|   6|0x000000070ba00000, 0x000000070ba00000, 0x000000070bc00000|  0%| F|  |TAMS 0x000000070ba00000| PB 0x000000070ba00000| Untracked 
|   7|0x000000070bc00000, 0x000000070bc00000, 0x000000070be00000|  0%| F|  |TAMS 0x000000070bc00000| PB 0x000000070bc00000| Untracked 
|   8|0x000000070be00000, 0x000000070be00000, 0x000000070c000000|  0%| F|  |TAMS 0x000000070be00000| PB 0x000000070be00000| Untracked 
|   9|0x000000070c000000, 0x000000070c000000, 0x000000070c200000|  0%| F|  |TAMS 0x000000070c000000| PB 0x000000070c000000| Untracked 
|  10|0x000000070c200000, 0x000000070c200000, 0x000000070c400000|  0%| F|  |TAMS 0x000000070c200000| PB 0x000000070c200000| Untracked 
|  11|0x000000070c400000, 0x000000070c400000, 0x000000070c600000|  0%| F|  |TAMS 0x000000070c400000| PB 0x000000070c400000| Untracked 
|  12|0x000000070c600000, 0x000000070c600000, 0x000000070c800000|  0%| F|  |TAMS 0x000000070c600000| PB 0x000000070c600000| Untracked 
|  13|0x000000070c800000, 0x000000070c800000, 0x000000070ca00000|  0%| F|  |TAMS 0x000000070c800000| PB 0x000000070c800000| Untracked 
|  14|0x000000070ca00000, 0x000000070ca00000, 0x000000070cc00000|  0%| F|  |TAMS 0x000000070ca00000| PB 0x000000070ca00000| Untracked 
|  15|0x000000070cc00000, 0x000000070cc00000, 0x000000070ce00000|  0%| F|  |TAMS 0x000000070cc00000| PB 0x000000070cc00000| Untracked 
|  16|0x000000070ce00000, 0x000000070ce00000, 0x000000070d000000|  0%| F|  |TAMS 0x000000070ce00000| PB 0x000000070ce00000| Untracked 
|  17|0x000000070d000000, 0x000000070d000000, 0x000000070d200000|  0%| F|  |TAMS 0x000000070d000000| PB 0x000000070d000000| Untracked 
|  18|0x000000070d200000, 0x000000070d200000, 0x000000070d400000|  0%| F|  |TAMS 0x000000070d200000| PB 0x000000070d200000| Untracked 
|  19|0x000000070d400000, 0x000000070d400000, 0x000000070d600000|  0%| F|  |TAMS 0x000000070d400000| PB 0x000000070d400000| Untracked 
|  20|0x000000070d600000, 0x000000070d600000, 0x000000070d800000|  0%| F|  |TAMS 0x000000070d600000| PB 0x000000070d600000| Untracked 
|  21|0x000000070d800000, 0x000000070d800000, 0x000000070da00000|  0%| F|  |TAMS 0x000000070d800000| PB 0x000000070d800000| Untracked 
|  22|0x000000070da00000, 0x000000070da00000, 0x000000070dc00000|  0%| F|  |TAMS 0x000000070da00000| PB 0x000000070da00000| Untracked 
|  23|0x000000070dc00000, 0x000000070dc00000, 0x000000070de00000|  0%| F|  |TAMS 0x000000070dc00000| PB 0x000000070dc00000| Untracked 
|  24|0x000000070de00000, 0x000000070de00000, 0x000000070e000000|  0%| F|  |TAMS 0x000000070de00000| PB 0x000000070de00000| Untracked 
|  25|0x000000070e000000, 0x000000070e000000, 0x000000070e200000|  0%| F|  |TAMS 0x000000070e000000| PB 0x000000070e000000| Untracked 
|  26|0x000000070e200000, 0x000000070e200000, 0x000000070e400000|  0%| F|  |TAMS 0x000000070e200000| PB 0x000000070e200000| Untracked 
|  27|0x000000070e400000, 0x000000070e400000, 0x000000070e600000|  0%| F|  |TAMS 0x000000070e400000| PB 0x000000070e400000| Untracked 
|  28|0x000000070e600000, 0x000000070e600000, 0x000000070e800000|  0%| F|  |TAMS 0x000000070e600000| PB 0x000000070e600000| Untracked 
|  29|0x000000070e800000, 0x000000070e800000, 0x000000070ea00000|  0%| F|  |TAMS 0x000000070e800000| PB 0x000000070e800000| Untracked 
|  30|0x000000070ea00000, 0x000000070ea00000, 0x000000070ec00000|  0%| F|  |TAMS 0x000000070ea00000| PB 0x000000070ea00000| Untracked 
|  31|0x000000070ec00000, 0x000000070ec00000, 0x000000070ee00000|  0%| F|  |TAMS 0x000000070ec00000| PB 0x000000070ec00000| Untracked 
|  32|0x000000070ee00000, 0x000000070ee00000, 0x000000070f000000|  0%| F|  |TAMS 0x000000070ee00000| PB 0x000000070ee00000| Untracked 
|  33|0x000000070f000000, 0x000000070f000000, 0x000000070f200000|  0%| F|  |TAMS 0x000000070f000000| PB 0x000000070f000000| Untracked 
|  34|0x000000070f200000, 0x000000070f200000, 0x000000070f400000|  0%| F|  |TAMS 0x000000070f200000| PB 0x000000070f200000| Untracked 
|  35|0x000000070f400000, 0x000000070f400000, 0x000000070f600000|  0%| F|  |TAMS 0x000000070f400000| PB 0x000000070f400000| Untracked 
|  36|0x000000070f600000, 0x000000070f600000, 0x000000070f800000|  0%| F|  |TAMS 0x000000070f600000| PB 0x000000070f600000| Untracked 
|  37|0x000000070f800000, 0x000000070f800000, 0x000000070fa00000|  0%| F|  |TAMS 0x000000070f800000| PB 0x000000070f800000| Untracked 
|  38|0x000000070fa00000, 0x000000070fa00000, 0x000000070fc00000|  0%| F|  |TAMS 0x000000070fa00000| PB 0x000000070fa00000| Untracked 
|  39|0x000000070fc00000, 0x000000070fc00000, 0x000000070fe00000|  0%| F|  |TAMS 0x000000070fc00000| PB 0x000000070fc00000| Untracked 
|  40|0x000000070fe00000, 0x000000070fe00000, 0x0000000710000000|  0%| F|  |TAMS 0x000000070fe00000| PB 0x000000070fe00000| Untracked 
|  41|0x0000000710000000, 0x0000000710000000, 0x0000000710200000|  0%| F|  |TAMS 0x0000000710000000| PB 0x0000000710000000| Untracked 
|  42|0x0000000710200000, 0x0000000710200000, 0x0000000710400000|  0%| F|  |TAMS 0x0000000710200000| PB 0x0000000710200000| Untracked 
|  43|0x0000000710400000, 0x0000000710400000, 0x0000000710600000|  0%| F|  |TAMS 0x0000000710400000| PB 0x0000000710400000| Untracked 
|  44|0x0000000710600000, 0x0000000710600000, 0x0000000710800000|  0%| F|  |TAMS 0x0000000710600000| PB 0x0000000710600000| Untracked 
|  45|0x0000000710800000, 0x0000000710800000, 0x0000000710a00000|  0%| F|  |TAMS 0x0000000710800000| PB 0x0000000710800000| Untracked 
|  46|0x0000000710a00000, 0x0000000710a00000, 0x0000000710c00000|  0%| F|  |TAMS 0x0000000710a00000| PB 0x0000000710a00000| Untracked 
|  47|0x0000000710c00000, 0x0000000710c00000, 0x0000000710e00000|  0%| F|  |TAMS 0x0000000710c00000| PB 0x0000000710c00000| Untracked 
|  48|0x0000000710e00000, 0x0000000710e00000, 0x0000000711000000|  0%| F|  |TAMS 0x0000000710e00000| PB 0x0000000710e00000| Untracked 
|  49|0x0000000711000000, 0x0000000711000000, 0x0000000711200000|  0%| F|  |TAMS 0x0000000711000000| PB 0x0000000711000000| Untracked 
|  50|0x0000000711200000, 0x0000000711200000, 0x0000000711400000|  0%| F|  |TAMS 0x0000000711200000| PB 0x0000000711200000| Untracked 
|  51|0x0000000711400000, 0x0000000711400000, 0x0000000711600000|  0%| F|  |TAMS 0x0000000711400000| PB 0x0000000711400000| Untracked 
|  52|0x0000000711600000, 0x0000000711600000, 0x0000000711800000|  0%| F|  |TAMS 0x0000000711600000| PB 0x0000000711600000| Untracked 
|  53|0x0000000711800000, 0x0000000711800000, 0x0000000711a00000|  0%| F|  |TAMS 0x0000000711800000| PB 0x0000000711800000| Untracked 
|  54|0x0000000711a00000, 0x0000000711a00000, 0x0000000711c00000|  0%| F|  |TAMS 0x0000000711a00000| PB 0x0000000711a00000| Untracked 
|  55|0x0000000711c00000, 0x0000000711c00000, 0x0000000711e00000|  0%| F|  |TAMS 0x0000000711c00000| PB 0x0000000711c00000| Untracked 
|  56|0x0000000711e00000, 0x0000000711e00000, 0x0000000712000000|  0%| F|  |TAMS 0x0000000711e00000| PB 0x0000000711e00000| Untracked 
|  57|0x0000000712000000, 0x0000000712000000, 0x0000000712200000|  0%| F|  |TAMS 0x0000000712000000| PB 0x0000000712000000| Untracked 
|  58|0x0000000712200000, 0x0000000712200000, 0x0000000712400000|  0%| F|  |TAMS 0x0000000712200000| PB 0x0000000712200000| Untracked 
|  59|0x0000000712400000, 0x0000000712400000, 0x0000000712600000|  0%| F|  |TAMS 0x0000000712400000| PB 0x0000000712400000| Untracked 
|  60|0x0000000712600000, 0x0000000712600000, 0x0000000712800000|  0%| F|  |TAMS 0x0000000712600000| PB 0x0000000712600000| Untracked 
|  61|0x0000000712800000, 0x0000000712800000, 0x0000000712a00000|  0%| F|  |TAMS 0x0000000712800000| PB 0x0000000712800000| Untracked 
|  62|0x0000000712a00000, 0x0000000712a00000, 0x0000000712c00000|  0%| F|  |TAMS 0x0000000712a00000| PB 0x0000000712a00000| Untracked 
|  63|0x0000000712c00000, 0x0000000712c00000, 0x0000000712e00000|  0%| F|  |TAMS 0x0000000712c00000| PB 0x0000000712c00000| Untracked 
|  64|0x0000000712e00000, 0x0000000712e00000, 0x0000000713000000|  0%| F|  |TAMS 0x0000000712e00000| PB 0x0000000712e00000| Untracked 
|  65|0x0000000713000000, 0x0000000713000000, 0x0000000713200000|  0%| F|  |TAMS 0x0000000713000000| PB 0x0000000713000000| Untracked 
|  66|0x0000000713200000, 0x0000000713200000, 0x0000000713400000|  0%| F|  |TAMS 0x0000000713200000| PB 0x0000000713200000| Untracked 
|  67|0x0000000713400000, 0x0000000713400000, 0x0000000713600000|  0%| F|  |TAMS 0x0000000713400000| PB 0x0000000713400000| Untracked 
|  68|0x0000000713600000, 0x0000000713600000, 0x0000000713800000|  0%| F|  |TAMS 0x0000000713600000| PB 0x0000000713600000| Untracked 
|  69|0x0000000713800000, 0x0000000713800000, 0x0000000713a00000|  0%| F|  |TAMS 0x0000000713800000| PB 0x0000000713800000| Untracked 
|  70|0x0000000713a00000, 0x0000000713a00000, 0x0000000713c00000|  0%| F|  |TAMS 0x0000000713a00000| PB 0x0000000713a00000| Untracked 
|  71|0x0000000713c00000, 0x0000000713c00000, 0x0000000713e00000|  0%| F|  |TAMS 0x0000000713c00000| PB 0x0000000713c00000| Untracked 
|  72|0x0000000713e00000, 0x0000000713e00000, 0x0000000714000000|  0%| F|  |TAMS 0x0000000713e00000| PB 0x0000000713e00000| Untracked 
|  73|0x0000000714000000, 0x0000000714000000, 0x0000000714200000|  0%| F|  |TAMS 0x0000000714000000| PB 0x0000000714000000| Untracked 
|  74|0x0000000714200000, 0x0000000714200000, 0x0000000714400000|  0%| F|  |TAMS 0x0000000714200000| PB 0x0000000714200000| Untracked 
|  75|0x0000000714400000, 0x0000000714400000, 0x0000000714600000|  0%| F|  |TAMS 0x0000000714400000| PB 0x0000000714400000| Untracked 
|  76|0x0000000714600000, 0x0000000714600000, 0x0000000714800000|  0%| F|  |TAMS 0x0000000714600000| PB 0x0000000714600000| Untracked 
|  77|0x0000000714800000, 0x0000000714800000, 0x0000000714a00000|  0%| F|  |TAMS 0x0000000714800000| PB 0x0000000714800000| Untracked 
|  78|0x0000000714a00000, 0x0000000714a00000, 0x0000000714c00000|  0%| F|  |TAMS 0x0000000714a00000| PB 0x0000000714a00000| Untracked 
|  79|0x0000000714c00000, 0x0000000714c00000, 0x0000000714e00000|  0%| F|  |TAMS 0x0000000714c00000| PB 0x0000000714c00000| Untracked 
|  80|0x0000000714e00000, 0x0000000714e00000, 0x0000000715000000|  0%| F|  |TAMS 0x0000000714e00000| PB 0x0000000714e00000| Untracked 
|  81|0x0000000715000000, 0x0000000715000000, 0x0000000715200000|  0%| F|  |TAMS 0x0000000715000000| PB 0x0000000715000000| Untracked 
|  82|0x0000000715200000, 0x0000000715200000, 0x0000000715400000|  0%| F|  |TAMS 0x0000000715200000| PB 0x0000000715200000| Untracked 
|  83|0x0000000715400000, 0x0000000715400000, 0x0000000715600000|  0%| F|  |TAMS 0x0000000715400000| PB 0x0000000715400000| Untracked 
|  84|0x0000000715600000, 0x0000000715600000, 0x0000000715800000|  0%| F|  |TAMS 0x0000000715600000| PB 0x0000000715600000| Untracked 
|  85|0x0000000715800000, 0x0000000715800000, 0x0000000715a00000|  0%| F|  |TAMS 0x0000000715800000| PB 0x0000000715800000| Untracked 
|  86|0x0000000715a00000, 0x0000000715a00000, 0x0000000715c00000|  0%| F|  |TAMS 0x0000000715a00000| PB 0x0000000715a00000| Untracked 
|  87|0x0000000715c00000, 0x0000000715c00000, 0x0000000715e00000|  0%| F|  |TAMS 0x0000000715c00000| PB 0x0000000715c00000| Untracked 
|  88|0x0000000715e00000, 0x0000000715e00000, 0x0000000716000000|  0%| F|  |TAMS 0x0000000715e00000| PB 0x0000000715e00000| Untracked 
|  89|0x0000000716000000, 0x0000000716000000, 0x0000000716200000|  0%| F|  |TAMS 0x0000000716000000| PB 0x0000000716000000| Untracked 
|  90|0x0000000716200000, 0x0000000716200000, 0x0000000716400000|  0%| F|  |TAMS 0x0000000716200000| PB 0x0000000716200000| Untracked 
|  91|0x0000000716400000, 0x0000000716400000, 0x0000000716600000|  0%| F|  |TAMS 0x0000000716400000| PB 0x0000000716400000| Untracked 
|  92|0x0000000716600000, 0x0000000716600000, 0x0000000716800000|  0%| F|  |TAMS 0x0000000716600000| PB 0x0000000716600000| Untracked 
|  93|0x0000000716800000, 0x0000000716800000, 0x0000000716a00000|  0%| F|  |TAMS 0x0000000716800000| PB 0x0000000716800000| Untracked 
|  94|0x0000000716a00000, 0x0000000716a00000, 0x0000000716c00000|  0%| F|  |TAMS 0x0000000716a00000| PB 0x0000000716a00000| Untracked 
|  95|0x0000000716c00000, 0x0000000716c00000, 0x0000000716e00000|  0%| F|  |TAMS 0x0000000716c00000| PB 0x0000000716c00000| Untracked 
|  96|0x0000000716e00000, 0x0000000716e00000, 0x0000000717000000|  0%| F|  |TAMS 0x0000000716e00000| PB 0x0000000716e00000| Untracked 
|  97|0x0000000717000000, 0x0000000717000000, 0x0000000717200000|  0%| F|  |TAMS 0x0000000717000000| PB 0x0000000717000000| Untracked 
|  98|0x0000000717200000, 0x0000000717200000, 0x0000000717400000|  0%| F|  |TAMS 0x0000000717200000| PB 0x0000000717200000| Untracked 
|  99|0x0000000717400000, 0x0000000717400000, 0x0000000717600000|  0%| F|  |TAMS 0x0000000717400000| PB 0x0000000717400000| Untracked 
| 100|0x0000000717600000, 0x0000000717600000, 0x0000000717800000|  0%| F|  |TAMS 0x0000000717600000| PB 0x0000000717600000| Untracked 
| 101|0x0000000717800000, 0x0000000717800000, 0x0000000717a00000|  0%| F|  |TAMS 0x0000000717800000| PB 0x0000000717800000| Untracked 
| 102|0x0000000717a00000, 0x0000000717a00000, 0x0000000717c00000|  0%| F|  |TAMS 0x0000000717a00000| PB 0x0000000717a00000| Untracked 
| 103|0x0000000717c00000, 0x0000000717c00000, 0x0000000717e00000|  0%| F|  |TAMS 0x0000000717c00000| PB 0x0000000717c00000| Untracked 
| 104|0x0000000717e00000, 0x0000000717e00000, 0x0000000718000000|  0%| F|  |TAMS 0x0000000717e00000| PB 0x0000000717e00000| Untracked 
| 105|0x0000000718000000, 0x0000000718000000, 0x0000000718200000|  0%| F|  |TAMS 0x0000000718000000| PB 0x0000000718000000| Untracked 
| 106|0x0000000718200000, 0x0000000718200000, 0x0000000718400000|  0%| F|  |TAMS 0x0000000718200000| PB 0x0000000718200000| Untracked 
| 107|0x0000000718400000, 0x0000000718400000, 0x0000000718600000|  0%| F|  |TAMS 0x0000000718400000| PB 0x0000000718400000| Untracked 
| 108|0x0000000718600000, 0x0000000718600000, 0x0000000718800000|  0%| F|  |TAMS 0x0000000718600000| PB 0x0000000718600000| Untracked 
| 109|0x0000000718800000, 0x0000000718800000, 0x0000000718a00000|  0%| F|  |TAMS 0x0000000718800000| PB 0x0000000718800000| Untracked 
| 110|0x0000000718a00000, 0x0000000718a00000, 0x0000000718c00000|  0%| F|  |TAMS 0x0000000718a00000| PB 0x0000000718a00000| Untracked 
| 111|0x0000000718c00000, 0x0000000718c00000, 0x0000000718e00000|  0%| F|  |TAMS 0x0000000718c00000| PB 0x0000000718c00000| Untracked 
| 112|0x0000000718e00000, 0x0000000718e00000, 0x0000000719000000|  0%| F|  |TAMS 0x0000000718e00000| PB 0x0000000718e00000| Untracked 
| 113|0x0000000719000000, 0x0000000719000000, 0x0000000719200000|  0%| F|  |TAMS 0x0000000719000000| PB 0x0000000719000000| Untracked 
| 114|0x0000000719200000, 0x00000007192e2d88, 0x0000000719400000| 44%| E|  |TAMS 0x0000000719200000| PB 0x0000000719200000| Complete 
| 115|0x0000000719400000, 0x0000000719600000, 0x0000000719600000|100%| E|CS|TAMS 0x0000000719400000| PB 0x0000000719400000| Complete 
| 116|0x0000000719600000, 0x0000000719800000, 0x0000000719800000|100%| E|CS|TAMS 0x0000000719600000| PB 0x0000000719600000| Complete 
| 117|0x0000000719800000, 0x0000000719a00000, 0x0000000719a00000|100%| E|CS|TAMS 0x0000000719800000| PB 0x0000000719800000| Complete 
| 118|0x0000000719a00000, 0x0000000719c00000, 0x0000000719c00000|100%| E|CS|TAMS 0x0000000719a00000| PB 0x0000000719a00000| Complete 
| 119|0x0000000719c00000, 0x0000000719e00000, 0x0000000719e00000|100%| E|CS|TAMS 0x0000000719c00000| PB 0x0000000719c00000| Complete 
| 120|0x0000000719e00000, 0x000000071a000000, 0x000000071a000000|100%| E|CS|TAMS 0x0000000719e00000| PB 0x0000000719e00000| Complete 
| 121|0x000000071a000000, 0x000000071a200000, 0x000000071a200000|100%| E|CS|TAMS 0x000000071a000000| PB 0x000000071a000000| Complete 
| 122|0x000000071a200000, 0x000000071a400000, 0x000000071a400000|100%| E|CS|TAMS 0x000000071a200000| PB 0x000000071a200000| Complete 

Card table byte_map: [0x000001f1945a0000,0x000001f194d50000] _byte_map_base: 0x000001f190d49000

Marking Bits: (CMBitMap*) 0x000001f1808de630
 Bits: [0x000001f194d50000, 0x000001f198a98000)

Polling page: 0x000001f180000000

Metaspace:

Usage:
  Non-class:      3.13 MB used.
      Class:    452.71 KB used.
       Both:      3.57 MB used.

Virtual space:
  Non-class space:       64.00 MB reserved,       3.25 MB (  5%) committed,  1 nodes.
      Class space:        1.00 GB reserved,     576.00 KB ( <1%) committed,  1 nodes.
             Both:        1.06 GB reserved,       3.81 MB ( <1%) committed. 

Chunk freelists:
   Non-Class:  10.05 MB
       Class:  15.35 MB
        Both:  25.40 MB

MaxMetaspaceSize: unlimited
CompressedClassSpaceSize: 1.00 GB
Initial GC threshold: 21.00 MB
Current GC threshold: 21.00 MB
CDS: on
 - commit_granule_bytes: 65536.
 - commit_granule_words: 8192.
 - virtual_space_node_default_size: 8388608.
 - enlarge_chunks_in_place: 1.
 - use_allocation_guard: 0.


Internal statistics:

num_allocs_failed_limit: 0.
num_arena_births: 218.
num_arena_deaths: 0.
num_vsnodes_births: 2.
num_vsnodes_deaths: 0.
num_space_committed: 61.
num_space_uncommitted: 0.
num_chunks_returned_to_freelist: 0.
num_chunks_taken_from_freelist: 386.
num_chunk_merges: 0.
num_chunk_splits: 223.
num_chunks_enlarged: 107.
num_inconsistent_stats: 0.

CodeHeap 'non-profiled nmethods': size=120000Kb used=409Kb max_used=409Kb free=119590Kb
 bounds [0x000001f18c360000, 0x000001f18c5d0000, 0x000001f193890000]
CodeHeap 'profiled nmethods': size=120000Kb used=1881Kb max_used=1881Kb free=118118Kb
 bounds [0x000001f184890000, 0x000001f184b00000, 0x000001f18bdc0000]
CodeHeap 'non-nmethods': size=5760Kb used=1360Kb max_used=1382Kb free=4399Kb
 bounds [0x000001f18bdc0000, 0x000001f18c030000, 0x000001f18c360000]
CodeCache: size=245760Kb, used=3650Kb, max_used=3672Kb, free=242107Kb
 total_blobs=1727, nmethods=1210, adapters=422, full_count=0
Compilation: enabled, stopped_count=0, restarted_count=0

Compilation events (20 events):
Event: 0.692 Thread 0x000001f19b8c7f50 1188       3       java.lang.invoke.LambdaForm$Name::internArguments (62 bytes)
Event: 0.692 Thread 0x000001f19b8c7f50 nmethod 1188 0x000001f184a56c90 code [0x000001f184a56e80, 0x000001f184a57540]
Event: 0.692 Thread 0x000001f19b8c7f50 1189       3       java.lang.invoke.InvokerBytecodeGenerator::emitPushArguments (45 bytes)
Event: 0.692 Thread 0x000001f19b8c7f50 nmethod 1189 0x000001f184a57710 code [0x000001f184a57900, 0x000001f184a57ea8]
Event: 0.692 Thread 0x000001f19b8c7f50 1190       3       java.lang.invoke.InvokerBytecodeGenerator::emitStoreResult (27 bytes)
Event: 0.693 Thread 0x000001f19b8c7f50 nmethod 1190 0x000001f184a58190 code [0x000001f184a58340, 0x000001f184a58518]
Event: 0.693 Thread 0x000001f19b8c7f50 1191       3       java.lang.invoke.LambdaForm$NamedFunction::intrinsicName (21 bytes)
Event: 0.693 Thread 0x000001f19b8c7f50 nmethod 1191 0x000001f184a58610 code [0x000001f184a587c0, 0x000001f184a58a10]
Event: 0.693 Thread 0x000001f19b8c7f50 1192       3       java.lang.invoke.InvokerBytecodeGenerator::emitStaticInvoke (258 bytes)
Event: 0.694 Thread 0x000001f19b8c7f50 nmethod 1192 0x000001f184a58b10 code [0x000001f184a58e40, 0x000001f184a59d00]
Event: 0.694 Thread 0x000001f19b8c7f50 1193       3       java.lang.invoke.InvokerBytecodeGenerator::refKindOpcode (112 bytes)
Event: 0.694 Thread 0x000001f19b8c7f50 nmethod 1193 0x000001f184a5a310 code [0x000001f184a5a580, 0x000001f184a5ad98]
Event: 0.694 Thread 0x000001f19b8c7f50 1194       3       java.lang.invoke.MethodHandles$Lookup::findBoundCallerLookup (30 bytes)
Event: 0.694 Thread 0x000001f19b8c7f50 nmethod 1194 0x000001f184a5b010 code [0x000001f184a5b220, 0x000001f184a5b870]
Event: 0.695 Thread 0x000001f19b8c7f50 1196       3       java.lang.invoke.MethodHandle::isSafeToCache (14 bytes)
Event: 0.695 Thread 0x000001f19b8c78a0 nmethod 1179 0x000001f18c3c5590 code [0x000001f18c3c5760, 0x000001f18c3c5f18]
Event: 0.695 Thread 0x000001f19b8c7f50 nmethod 1196 0x000001f184a5ba90 code [0x000001f184a5bc40, 0x000001f184a5bdc0]
Event: 0.695 Thread 0x000001f19b8c7f50 1198       3       java.lang.invoke.MethodHandle::keepsAlive (49 bytes)
Event: 0.696 Thread 0x000001f19b8c7f50 nmethod 1198 0x000001f184a5be90 code [0x000001f184a5c100, 0x000001f184a5cc10]
Event: 0.696 Thread 0x000001f19b8c7f50 1197       3       java.lang.invoke.MethodHandle::getApproximateCommonClassLoader (58 bytes)

GC Heap History (0 events):
No events

Dll operation events (2 events):
Event: 0.031 Loaded shared library C:\Program Files (x86)\JetBrains\IntelliJ IDEA 2024.2.3\jbr\bin\java.dll
Event: 0.219 Loaded shared library C:\Program Files (x86)\JetBrains\IntelliJ IDEA 2024.2.3\jbr\bin\zip.dll

Deoptimization events (20 events):
Event: 0.626 Thread 0x000001f19b892ec0 Uncommon trap: trap_request=0xffffffde fr.pc=0x000001f18c3b4928 relative=0x0000000000000268
Event: 0.626 Thread 0x000001f19b892ec0 Uncommon trap: reason=class_check action=maybe_recompile pc=0x000001f18c3b4928 method=sun.security.util.math.intpoly.IntegerPolynomial.multByInt([JJ)V @ 26 c2
Event: 0.626 Thread 0x000001f19b892ec0 DEOPT PACKING pc=0x000001f18c3b4928 sp=0x000000b0185fe430
Event: 0.626 Thread 0x000001f19b892ec0 DEOPT UNPACKING pc=0x000001f18be14422 sp=0x000000b0185fe400 mode 2
Event: 0.626 Thread 0x000001f19b892ec0 Uncommon trap: trap_request=0xffffffde fr.pc=0x000001f18c3b4928 relative=0x0000000000000268
Event: 0.626 Thread 0x000001f19b892ec0 Uncommon trap: reason=class_check action=maybe_recompile pc=0x000001f18c3b4928 method=sun.security.util.math.intpoly.IntegerPolynomial.multByInt([JJ)V @ 26 c2
Event: 0.626 Thread 0x000001f19b892ec0 DEOPT PACKING pc=0x000001f18c3b4928 sp=0x000000b0185fe430
Event: 0.626 Thread 0x000001f19b892ec0 DEOPT UNPACKING pc=0x000001f18be14422 sp=0x000000b0185fe400 mode 2
Event: 0.626 Thread 0x000001f19b892ec0 Uncommon trap: trap_request=0xffffffde fr.pc=0x000001f18c3b4928 relative=0x0000000000000268
Event: 0.626 Thread 0x000001f19b892ec0 Uncommon trap: reason=class_check action=maybe_recompile pc=0x000001f18c3b4928 method=sun.security.util.math.intpoly.IntegerPolynomial.multByInt([JJ)V @ 26 c2
Event: 0.626 Thread 0x000001f19b892ec0 DEOPT PACKING pc=0x000001f18c3b4928 sp=0x000000b0185fe430
Event: 0.626 Thread 0x000001f19b892ec0 DEOPT UNPACKING pc=0x000001f18be14422 sp=0x000000b0185fe400 mode 2
Event: 0.626 Thread 0x000001f19b892ec0 Uncommon trap: trap_request=0xffffffde fr.pc=0x000001f18c3b4928 relative=0x0000000000000268
Event: 0.626 Thread 0x000001f19b892ec0 Uncommon trap: reason=class_check action=maybe_recompile pc=0x000001f18c3b4928 method=sun.security.util.math.intpoly.IntegerPolynomial.multByInt([JJ)V @ 26 c2
Event: 0.626 Thread 0x000001f19b892ec0 DEOPT PACKING pc=0x000001f18c3b4928 sp=0x000000b0185fe430
Event: 0.626 Thread 0x000001f19b892ec0 DEOPT UNPACKING pc=0x000001f18be14422 sp=0x000000b0185fe400 mode 2
Event: 0.677 Thread 0x000001f19b892830 Uncommon trap: trap_request=0xffffff45 fr.pc=0x000001f18c3afc78 relative=0x0000000000000938
Event: 0.677 Thread 0x000001f19b892830 Uncommon trap: reason=unstable_if action=reinterpret pc=0x000001f18c3afc78 method=java.util.HashMap.putVal(ILjava/lang/Object;Ljava/lang/Object;ZZ)Ljava/lang/Object; @ 81 c2
Event: 0.677 Thread 0x000001f19b892830 DEOPT PACKING pc=0x000001f18c3afc78 sp=0x000000b0183ff180
Event: 0.677 Thread 0x000001f19b892830 DEOPT UNPACKING pc=0x000001f18be14422 sp=0x000000b0183ff140 mode 2

Classes loaded (20 events):
Event: 0.440 Loading class java/nio/BufferMismatch
Event: 0.440 Loading class java/nio/BufferMismatch done
Event: 0.440 Loading class sun/nio/ch/SourceChannelImpl
Event: 0.440 Loading class java/nio/channels/Pipe$SourceChannel
Event: 0.440 Loading class java/nio/channels/Pipe$SourceChannel done
Event: 0.440 Loading class sun/nio/ch/SourceChannelImpl done
Event: 0.440 Loading class sun/nio/ch/SinkChannelImpl
Event: 0.440 Loading class java/nio/channels/Pipe$SinkChannel
Event: 0.440 Loading class java/nio/channels/Pipe$SinkChannel done
Event: 0.440 Loading class sun/nio/ch/SinkChannelImpl done
Event: 0.461 Loading class sun/net/spi/DefaultProxySelector$NonProxyInfo
Event: 0.461 Loading class sun/net/spi/DefaultProxySelector$NonProxyInfo done
Event: 0.461 Loading class sun/net/spi/DefaultProxySelector$3
Event: 0.461 Loading class sun/net/spi/DefaultProxySelector$3 done
Event: 0.640 Loading class jdk/internal/event/X509CertificateEvent
Event: 0.640 Loading class jdk/internal/event/X509CertificateEvent done
Event: 0.648 Loading class jdk/internal/event/TLSHandshakeEvent
Event: 0.648 Loading class jdk/internal/event/TLSHandshakeEvent done
Event: 0.684 Loading class java/net/Authenticator$RequestorType
Event: 0.684 Loading class java/net/Authenticator$RequestorType done

Classes unloaded (0 events):
No events

Classes redefined (0 events):
No events

Internal exceptions (20 events):
Event: 0.321 Thread 0x000001f18087b2d0 Exception <a 'java/lang/NoSuchMethodError'{0x0000000719f58d80}: 'java.lang.Object java.lang.invoke.DirectMethodHandle$Holder.invokeStaticInit(java.lang.Object, java.lang.Object, int)'> (0x0000000719f58d80) 
thrown [s\src\hotspot\share\interpreter\linkResolver.cpp, line 784]
Event: 0.322 Thread 0x000001f18087b2d0 Exception <a 'java/lang/NoSuchMethodError'{0x0000000719f5ec88}: 'java.lang.Object java.lang.invoke.DirectMethodHandle$Holder.newInvokeSpecial(java.lang.Object, java.lang.Object, int)'> (0x0000000719f5ec88) 
thrown [s\src\hotspot\share\interpreter\linkResolver.cpp, line 784]
Event: 0.325 Thread 0x000001f18087b2d0 Exception <a 'java/lang/NoSuchMethodError'{0x0000000719f746c8}: 'int java.lang.invoke.DirectMethodHandle$Holder.invokeSpecialIFC(java.lang.Object, java.lang.Object, java.lang.Object)'> (0x0000000719f746c8) 
thrown [s\src\hotspot\share\interpreter\linkResolver.cpp, line 784]
Event: 0.335 Thread 0x000001f18087b2d0 Exception <a 'java/lang/NoSuchMethodError'{0x0000000719fac330}: 'java.lang.Object java.lang.invoke.Invokers$Holder.invoke_MT(java.lang.Object, java.lang.Object, java.lang.Object, java.lang.Object, java.lang.Object, java.lang.Object, java.lang.Object, java.lang.Object, java.lang.Object, java.lang.Object)'> (0x0000000719fac330) 
thrown [s\src\hotspot\share\interpreter\linkResolver.cpp, line 784]
Event: 0.344 Thread 0x000001f18087b2d0 Exception <a 'java/lang/NoSuchMethodError'{0x0000000719febcf0}: 'int java.lang.invoke.DirectMethodHandle$Holder.invokeSpecial(java.lang.Object, java.lang.Object, java.lang.Object, java.lang.Object)'> (0x0000000719febcf0) 
thrown [s\src\hotspot\share\interpreter\linkResolver.cpp, line 784]
Event: 0.347 Thread 0x000001f18087b2d0 Exception <a 'java/lang/NoSuchMethodError'{0x0000000719c01260}: 'java.lang.Object java.lang.invoke.DirectMethodHandle$Holder.invokeSpecial(java.lang.Object, java.lang.Object, int, java.lang.Object, java.lang.Object)'> (0x0000000719c01260) 
thrown [s\src\hotspot\share\interpreter\linkResolver.cpp, line 784]
Event: 0.347 Thread 0x000001f18087b2d0 Exception <a 'java/lang/NoSuchMethodError'{0x0000000719c04bf0}: 'java.lang.Object java.lang.invoke.DelegatingMethodHandle$Holder.delegate(java.lang.Object, int, java.lang.Object, java.lang.Object)'> (0x0000000719c04bf0) 
thrown [s\src\hotspot\share\interpreter\linkResolver.cpp, line 784]
Event: 0.349 Thread 0x000001f18087b2d0 Exception <a 'java/lang/NoSuchMethodError'{0x0000000719c14418}: 'int java.lang.invoke.Invokers$Holder.linkToTargetMethod(java.lang.Object, java.lang.Object, java.lang.Object)'> (0x0000000719c14418) 
thrown [s\src\hotspot\share\interpreter\linkResolver.cpp, line 784]
Event: 0.352 Thread 0x000001f18087b2d0 Exception <a 'java/lang/NoSuchMethodError'{0x0000000719c45f90}: 'long java.lang.invoke.DirectMethodHandle$Holder.invokeSpecial(java.lang.Object, java.lang.Object)'> (0x0000000719c45f90) 
thrown [s\src\hotspot\share\interpreter\linkResolver.cpp, line 784]
Event: 0.353 Thread 0x000001f18087b2d0 Exception <a 'java/lang/NoSuchMethodError'{0x0000000719c4cca0}: 'java.lang.Object java.lang.invoke.Invokers$Holder.invokeExact_MT(java.lang.Object, java.lang.Object, java.lang.Object, java.lang.Object, java.lang.Object, java.lang.Object)'> (0x0000000719c4cca0) 
thrown [s\src\hotspot\share\interpreter\linkResolver.cpp, line 784]
Event: 0.457 Thread 0x000001f18087b2d0 Exception <a 'java/lang/NoSuchMethodError'{0x0000000719ae3618}: 'java.lang.Object java.lang.invoke.DirectMethodHandle$Holder.newInvokeSpecial(java.lang.Object, java.lang.Object, java.lang.Object, java.lang.Object, java.lang.Object)'> (0x0000000719ae3618) 
thrown [s\src\hotspot\share\interpreter\linkResolver.cpp, line 784]
Event: 0.487 Thread 0x000001f18087b2d0 Exception <a 'java/lang/NoSuchMethodError'{0x0000000719872420}: 'java.lang.Object java.lang.invoke.DirectMethodHandle$Holder.invokeSpecial(java.lang.Object, java.lang.Object, java.lang.Object, java.lang.Object, int)'> (0x0000000719872420) 
thrown [s\src\hotspot\share\interpreter\linkResolver.cpp, line 784]
Event: 0.487 Thread 0x000001f18087b2d0 Exception <a 'java/lang/NoSuchMethodError'{0x0000000719875d88}: 'java.lang.Object java.lang.invoke.Invokers$Holder.linkToTargetMethod(java.lang.Object, java.lang.Object, int, java.lang.Object)'> (0x0000000719875d88) 
thrown [s\src\hotspot\share\interpreter\linkResolver.cpp, line 784]
Event: 0.492 Thread 0x000001f18087b2d0 Exception <a 'java/lang/NoSuchMethodError'{0x00000007198a4098}: 'void java.lang.invoke.DirectMethodHandle$Holder.invokeSpecial(java.lang.Object, java.lang.Object, java.lang.Object)'> (0x00000007198a4098) 
thrown [s\src\hotspot\share\interpreter\linkResolver.cpp, line 784]
Event: 0.507 Thread 0x000001f19b892830 Exception <a 'java/lang/NoSuchMethodError'{0x0000000719a93860}: 'void java.lang.invoke.DirectMethodHandle$Holder.invokeStatic(java.lang.Object, java.lang.Object, int)'> (0x0000000719a93860) 
thrown [s\src\hotspot\share\interpreter\linkResolver.cpp, line 784]
Event: 0.508 Thread 0x000001f18087b2d0 Exception <a 'java/lang/NoSuchMethodError'{0x0000000719933958}: 'void java.lang.invoke.DirectMethodHandle$Holder.invokeSpecial(java.lang.Object, java.lang.Object, java.lang.Object, java.lang.Object, java.lang.Object)'> (0x0000000719933958) 
thrown [s\src\hotspot\share\interpreter\linkResolver.cpp, line 784]
Event: 0.516 Thread 0x000001f19b892ec0 Exception <a 'java/lang/NoSuchMethodError'{0x00000007199e7750}: 'void java.lang.invoke.DirectMethodHandle$Holder.invokeInterface(java.lang.Object, java.lang.Object, java.lang.Object)'> (0x00000007199e7750) 
thrown [s\src\hotspot\share\interpreter\linkResolver.cpp, line 784]
Event: 0.618 Thread 0x000001f19b892ec0 Exception <a 'java/lang/NoSuchMethodError'{0x000000071944c810}: 'void java.lang.invoke.DirectMethodHandle$Holder.invokeInterface(java.lang.Object, java.lang.Object)'> (0x000000071944c810) 
thrown [s\src\hotspot\share\interpreter\linkResolver.cpp, line 784]
Event: 0.650 Thread 0x000001f19b892ec0 Exception <a 'java/lang/NoSuchMethodError'{0x00000007194c3080}: 'void java.lang.invoke.DirectMethodHandle$Holder.invokeStatic(java.lang.Object, java.lang.Object, java.lang.Object, java.lang.Object)'> (0x00000007194c3080) 
thrown [s\src\hotspot\share\interpreter\linkResolver.cpp, line 784]
Event: 0.694 Thread 0x000001f19b892ec0 Exception <a 'java/lang/NoSuchMethodError'{0x0000000719276000}: 'void java.lang.invoke.DirectMethodHandle$Holder.invokeSpecial(java.lang.Object, java.lang.Object, java.lang.Object, java.lang.Object, java.lang.Object, java.lang.Object, java.lang.Object)'> (0x0000000719276000) 
thrown [s\src\hotspot\share\interpreter\linkResolver.cpp, line 784]

ZGC Phase Switch (0 events):
No events

VM Operations (8 events):
Event: 0.148 Executing VM operation: HandshakeAllThreads (Deoptimize)
Event: 0.148 Executing VM operation: HandshakeAllThreads (Deoptimize) done
Event: 0.289 Executing VM operation: HandshakeAllThreads (Deoptimize)
Event: 0.289 Executing VM operation: HandshakeAllThreads (Deoptimize) done
Event: 0.668 Executing VM operation: ICBufferFull
Event: 0.668 Executing VM operation: ICBufferFull done
Event: 0.684 Executing VM operation: HandshakeAllThreads (Deoptimize)
Event: 0.684 Executing VM operation: HandshakeAllThreads (Deoptimize) done

Memory protections (0 events):
No events

Nmethod flushes (0 events):
No events

Events (20 events):
Event: 0.090 Thread 0x000001f18087b2d0 Thread added: 0x000001f19b8889f0
Event: 0.095 Thread 0x000001f18087b2d0 Thread added: 0x000001f19b889060
Event: 0.096 Thread 0x000001f18087b2d0 Thread added: 0x000001f19b88dba0
Event: 0.096 Thread 0x000001f18087b2d0 Thread added: 0x000001f19b894900
Event: 0.096 Thread 0x000001f18087b2d0 Thread added: 0x000001f19b894f90
Event: 0.097 Thread 0x000001f18087b2d0 Thread added: 0x000001f19b895620
Event: 0.097 Thread 0x000001f18087b2d0 Thread added: 0x000001f19b8c78a0
Event: 0.097 Thread 0x000001f18087b2d0 Thread added: 0x000001f19b8c7f50
Event: 0.117 Thread 0x000001f18087b2d0 Thread added: 0x000001f19b895cb0
Event: 0.127 Loaded shared library C:\Program Files (x86)\JetBrains\IntelliJ IDEA 2024.2.3\jbr\bin\net.dll
Event: 0.134 Loaded shared library C:\Program Files (x86)\JetBrains\IntelliJ IDEA 2024.2.3\jbr\bin\nio.dll
Event: 0.142 Loaded shared library C:\Program Files (x86)\JetBrains\IntelliJ IDEA 2024.2.3\jbr\bin\zip.dll
Event: 0.203 Loaded shared library C:\Program Files (x86)\JetBrains\IntelliJ IDEA 2024.2.3\jbr\bin\jimage.dll
Event: 0.385 Loaded shared library C:\Program Files (x86)\JetBrains\IntelliJ IDEA 2024.2.3\jbr\bin\sunmscapi.dll
Event: 0.433 Loaded shared library C:\Program Files (x86)\JetBrains\IntelliJ IDEA 2024.2.3\jbr\bin\extnet.dll
Event: 0.452 Thread 0x000001f18087b2d0 Thread added: 0x000001f19b892830
Event: 0.514 Thread 0x000001f19b892830 Thread added: 0x000001f19b892ec0
Event: 0.532 Thread 0x000001f19b892830 Thread added: 0x000001f19b893550
Event: 0.557 Thread 0x000001f19b8c78a0 Thread added: 0x000001f1e20aafb0
Event: 0.559 Thread 0x000001f19b8c7f50 Thread added: 0x000001f1e2149150


Dynamic libraries:
0x00007ff6658c0000 - 0x00007ff6658ca000 	C:\Program Files (x86)\JetBrains\IntelliJ IDEA 2024.2.3\jbr\bin\java.exe
0x00007fffad820000 - 0x00007fffada88000 	C:\WINDOWS\SYSTEM32\ntdll.dll
0x00007fffacbb0000 - 0x00007fffacc79000 	C:\WINDOWS\System32\KERNEL32.DLL
0x00007fffaa520000 - 0x00007fffaa911000 	C:\WINDOWS\System32\KERNELBASE.dll
0x00007fffaa3a0000 - 0x00007fffaa4eb000 	C:\WINDOWS\System32\ucrtbase.dll
0x00007fff72610000 - 0x00007fff72628000 	C:\Program Files (x86)\JetBrains\IntelliJ IDEA 2024.2.3\jbr\bin\jli.dll
0x00007fff86e50000 - 0x00007fff86e6b000 	C:\Program Files (x86)\JetBrains\IntelliJ IDEA 2024.2.3\jbr\bin\VCRUNTIME140.dll
0x00007fffac1a0000 - 0x00007fffac366000 	C:\WINDOWS\System32\USER32.dll
0x00007fffaa4f0000 - 0x00007fffaa517000 	C:\WINDOWS\System32\win32u.dll
0x00007fffad7b0000 - 0x00007fffad7db000 	C:\WINDOWS\System32\GDI32.dll
0x00007fffaa1c0000 - 0x00007fffaa2eb000 	C:\WINDOWS\System32\gdi32full.dll
0x00007fffaab20000 - 0x00007fffaabc3000 	C:\WINDOWS\System32\msvcp_win.dll
0x00007fff8daf0000 - 0x00007fff8dd83000 	C:\WINDOWS\WinSxS\amd64_microsoft.windows.common-controls_6595b64144ccf1df_6.0.26100.7824_none_3e0870b2e3345462\COMCTL32.dll
0x00007fffad4a0000 - 0x00007fffad549000 	C:\WINDOWS\System32\msvcrt.dll
0x00007fffad450000 - 0x00007fffad481000 	C:\WINDOWS\System32\IMM32.DLL
0x00007fffa4320000 - 0x00007fffa447a000 	C:\WINDOWS\system32\tmumh\20019\AddOn\8.55.0.1333\TmUmEvt64.dll
0x00007fffad490000 - 0x00007fffad498000 	C:\WINDOWS\System32\PSAPI.DLL
0x00007fffad040000 - 0x00007fffad0f4000 	C:\WINDOWS\System32\ADVAPI32.dll
0x00007fffad3a0000 - 0x00007fffad446000 	C:\WINDOWS\System32\sechost.dll
0x00007fffad180000 - 0x00007fffad298000 	C:\WINDOWS\System32\RPCRT4.dll
0x0000000059760000 - 0x0000000059885000 	C:\WINDOWS\system32\tmumh\20019\TmMon\2.9.0.1217\tmmon64.dll
0x00007fff85f10000 - 0x00007fff85f1c000 	C:\Program Files (x86)\JetBrains\IntelliJ IDEA 2024.2.3\jbr\bin\vcruntime140_1.dll
0x00007fff112a0000 - 0x00007fff1132d000 	C:\Program Files (x86)\JetBrains\IntelliJ IDEA 2024.2.3\jbr\bin\msvcp140.dll
0x00007ffeed520000 - 0x00007ffeee2ed000 	C:\Program Files (x86)\JetBrains\IntelliJ IDEA 2024.2.3\jbr\bin\server\jvm.dll
0x00007fffad100000 - 0x00007fffad174000 	C:\WINDOWS\System32\WS2_32.dll
0x00007fffa9f60000 - 0x00007fffa9fbe000 	C:\WINDOWS\SYSTEM32\POWRPROF.dll
0x00007fff921f0000 - 0x00007fff92225000 	C:\WINDOWS\SYSTEM32\WINMM.dll
0x00007fffa7830000 - 0x00007fffa783b000 	C:\WINDOWS\SYSTEM32\VERSION.dll
0x00007fffa9f40000 - 0x00007fffa9f54000 	C:\WINDOWS\SYSTEM32\UMPDC.dll
0x00007fffa8e60000 - 0x00007fffa8e7b000 	C:\WINDOWS\SYSTEM32\kernel.appcore.dll
0x00007fff842c0000 - 0x00007fff842ca000 	C:\Program Files (x86)\JetBrains\IntelliJ IDEA 2024.2.3\jbr\bin\jimage.dll
0x00007fffa80b0000 - 0x00007fffa82f2000 	C:\WINDOWS\SYSTEM32\DBGHELP.DLL
0x00007fffabb40000 - 0x00007fffabec6000 	C:\WINDOWS\System32\combase.dll
0x00007fffaba50000 - 0x00007fffabb27000 	C:\WINDOWS\System32\OLEAUT32.dll
0x00007fff91ac0000 - 0x00007fff91afb000 	C:\WINDOWS\SYSTEM32\dbgcore.DLL
0x00007fffaa2f0000 - 0x00007fffaa395000 	C:\WINDOWS\System32\bcryptPrimitives.dll
0x00007fff83f90000 - 0x00007fff83fb0000 	C:\Program Files (x86)\JetBrains\IntelliJ IDEA 2024.2.3\jbr\bin\java.dll
0x00007fffac370000 - 0x00007fffacac2000 	C:\WINDOWS\System32\SHELL32.dll
0x00007fffaa920000 - 0x00007fffaaa8a000 	C:\WINDOWS\System32\wintypes.dll
0x00007fffaabd0000 - 0x00007fffab433000 	C:\WINDOWS\System32\windows.storage.dll
0x00007fffad2a0000 - 0x00007fffad396000 	C:\WINDOWS\System32\SHCORE.dll
0x00007fffacd90000 - 0x00007fffacdf7000 	C:\WINDOWS\System32\shlwapi.dll
0x00007fffaa020000 - 0x00007fffaa049000 	C:\WINDOWS\SYSTEM32\profapi.dll
0x00007fff83eb0000 - 0x00007fff83ec0000 	C:\Program Files (x86)\JetBrains\IntelliJ IDEA 2024.2.3\jbr\bin\net.dll
0x00007fffa5ca0000 - 0x00007fffa5dc7000 	C:\WINDOWS\SYSTEM32\WINHTTP.dll
0x00007fffa93b0000 - 0x00007fffa941b000 	C:\WINDOWS\system32\mswsock.dll
0x00007fff792e0000 - 0x00007fff792f6000 	C:\Program Files (x86)\JetBrains\IntelliJ IDEA 2024.2.3\jbr\bin\nio.dll
0x00007fff79300000 - 0x00007fff79318000 	C:\Program Files (x86)\JetBrains\IntelliJ IDEA 2024.2.3\jbr\bin\zip.dll
0x00007fffa97a0000 - 0x00007fffa97bb000 	C:\WINDOWS\SYSTEM32\CRYPTSP.dll
0x00007fffa8dc0000 - 0x00007fffa8df9000 	C:\WINDOWS\system32\rsaenh.dll
0x00007fffa9460000 - 0x00007fffa948b000 	C:\WINDOWS\SYSTEM32\USERENV.dll
0x00007fffa9ff0000 - 0x00007fffaa01a000 	C:\WINDOWS\SYSTEM32\bcrypt.dll
0x00007fffa9780000 - 0x00007fffa978c000 	C:\WINDOWS\SYSTEM32\CRYPTBASE.dll
0x00007fffa8660000 - 0x00007fffa8694000 	C:\WINDOWS\SYSTEM32\IPHLPAPI.DLL
0x00007fffabb30000 - 0x00007fffabb3a000 	C:\WINDOWS\System32\NSI.dll
0x00007fff79280000 - 0x00007fff7928e000 	C:\Program Files (x86)\JetBrains\IntelliJ IDEA 2024.2.3\jbr\bin\sunmscapi.dll
0x00007fffab440000 - 0x00007fffab5b7000 	C:\WINDOWS\System32\CRYPT32.dll
0x00007fffa9900000 - 0x00007fffa9930000 	C:\WINDOWS\SYSTEM32\ncrypt.dll
0x00007fffa98b0000 - 0x00007fffa98ef000 	C:\WINDOWS\SYSTEM32\NTASN1.dll
0x00007fff79270000 - 0x00007fff79278000 	C:\WINDOWS\system32\wshunix.dll
0x00007fff79260000 - 0x00007fff79269000 	C:\Program Files (x86)\JetBrains\IntelliJ IDEA 2024.2.3\jbr\bin\extnet.dll

JVMTI agents: none

dbghelp: loaded successfully - version: 4.0.5 - missing functions: none
symbol engine: initialized successfully - sym options: 0x614 - pdb path: .;C:\Program Files (x86)\JetBrains\IntelliJ IDEA 2024.2.3\jbr\bin;C:\WINDOWS\SYSTEM32;C:\WINDOWS\WinSxS\amd64_microsoft.windows.common-controls_6595b64144ccf1df_6.0.26100.7824_none_3e0870b2e3345462;C:\WINDOWS\system32\tmumh\20019\AddOn\8.55.0.1333;C:\WINDOWS\system32\tmumh\20019\TmMon\2.9.0.1217;C:\Program Files (x86)\JetBrains\IntelliJ IDEA 2024.2.3\jbr\bin\server

VM Arguments:
java_command: git4idea.http.GitAskPassApp Password for 'https://andybuki@github.com': 
java_class_path (initial): C:/Program Files (x86)/JetBrains/IntelliJ IDEA 2024.2.3/plugins/vcs-git/lib/git4idea-rt.jar;C:/Program Files (x86)/JetBrains/IntelliJ IDEA 2024.2.3/lib/externalProcess-rt.jar
Launcher Type: SUN_STANDARD

[Global flags]
     intx CICompilerCount                          = 4                                         {product} {ergonomic}
     uint ConcGCThreads                            = 3                                         {product} {ergonomic}
     uint G1ConcRefinementThreads                  = 10                                        {product} {ergonomic}
   size_t G1HeapRegionSize                         = 2097152                                   {product} {ergonomic}
    uintx GCDrainStackTargetSize                   = 64                                        {product} {ergonomic}
   size_t InitialHeapSize                          = 257949696                                 {product} {ergonomic}
   size_t MarkStackSize                            = 4194304                                   {product} {ergonomic}
   size_t MaxHeapSize                              = 4112515072                                {product} {ergonomic}
   size_t MaxNewSize                               = 2466250752                                {product} {ergonomic}
   size_t MinHeapDeltaBytes                        = 2097152                                   {product} {ergonomic}
   size_t MinHeapSize                              = 8388608                                   {product} {ergonomic}
    uintx NonNMethodCodeHeapSize                   = 5839372                                {pd product} {ergonomic}
    uintx NonProfiledCodeHeapSize                  = 122909434                              {pd product} {ergonomic}
    uintx ProfiledCodeHeapSize                     = 122909434                              {pd product} {ergonomic}
    uintx ReservedCodeCacheSize                    = 251658240                              {pd product} {ergonomic}
     bool SegmentedCodeCache                       = true                                      {product} {ergonomic}
   size_t SoftMaxHeapSize                          = 4112515072                             {manageable} {ergonomic}
     bool UseCompressedOops                        = true                           {product lp64_product} {ergonomic}
     bool UseG1GC                                  = true                                      {product} {ergonomic}
     bool UseLargePagesIndividualAllocation        = false                                  {pd product} {ergonomic}

Logging:
Log output configuration:
 #0: stdout all=warning uptime,level,tags foldmultilines=false
 #1: stderr all=off uptime,level,tags foldmultilines=false

Release file:
JAVA_VERSION="21.0.9" 
MODULES="java.base java.datatransfer java.xml java.prefs java.desktop gluegen.rt java.compiler java.instrument java.logging java.management java.security.sasl java.naming java.rmi java.management.rmi java.net.http java.scripting java.security.jgss java.transaction.xa java.sql java.sql.rowset java.xml.crypto java.se java.smartcardio jogl.all jcef jdk.accessibility jdk.internal.jvmstat jdk.attach jdk.charsets jdk.internal.opt jdk.zipfs jdk.compiler jdk.crypto.ec jdk.crypto.cryptoki jdk.crypto.mscapi jdk.dynalink jdk.hotspot.agent jdk.httpserver jdk.internal.ed jdk.internal.le jdk.internal.vm.ci jdk.javadoc jdk.jcmd jdk.jdwp.agent jdk.jdi jdk.jfr jdk.jsobject jdk.localedata jdk.management jdk.management.agent jdk.management.jfr jdk.naming.dns jdk.naming.rmi jdk.net jdk.sctp jdk.security.auth jdk.security.jgss jdk.unsupported jdk.unsupported.desktop jdk.xml.dom" 
IMPLEMENTOR="JetBrains s.r.o." 
IMPLEMENTOR_VERSION="JBR-21.0.9+1-1163.86-jcef" 
JAVA_RUNTIME_VERSION="21.0.9+1-b1163.86" 
LIBC="default" 
OS_ARCH="x86_64" 
OS_NAME="Windows" 
SOURCE=".:git:1a60506bbd2d+ jcef_git:git:4a605f44671a" 
JCEF_VERSION="137.0.17.1086+g6f9ab69" 
JCEF_COMMIT_HASH="6f9ab690b28a1262f82e6f869c310bdf1d0697ac" 

Environment Variables:
JAVA_HOME=C:\Program Files\Eclipse Adoptium\jdk-17.0.18.8-hotspot\
PATH=C:/Program Files/Git/mingw64/libexec/git-core;C:/Program Files/Git/mingw64/libexec/git-core;C:/Program Files/Git/mingw64/libexec/git-core;C:\Program Files\Git\mingw64\bin;C:\Program Files\Git\usr\bin;C:\Users\b-ab107\bin;C:\Program Files\Eclipse Adoptium\jdk-25.0.2.10-hotspot\bin;C:\Program Files\Eclipse Adoptium\jdk-17.0.18.8-hotspot\bin;C:\Program Files\Python312\Scripts\;C:\Program Files\Python312\;C:\Program Files (x86)\Cuminas\Document Express DjVu Plug-in\;C:\WINDOWS\system32;C:\WINDOWS;C:\WINDOWS\System32\Wbem;C:\WINDOWS\System32\WindowsPowerShell\v1.0\;C:\WINDOWS\System32\OpenSSH\;C:\Program Files (x86)\PuTTY\;C:\Program Files\Git\cmd;C:\Users\b-ab107\AppData\Local\Microsoft\WindowsApps;C:\Users\b-ab107\AppData\Local\Programs\EmEditor;C:\Users\b-ab107\AppData\Local\Programs\Git\cmd
USERNAME=b-ab107
DISPLAY=:0.0
LC_ALL=en_US.UTF-8
TERM=xterm-256color
TMPDIR=C:\Users\b-ab107\AppData\Local\Temp
OS=Windows_NT
PROCESSOR_IDENTIFIER=AMD64 Family 25 Model 68 Stepping 1, AuthenticAMD
TMP=C:\Users\b-ab107\AppData\Local\Temp
TEMP=C:\Users\b-ab107\AppData\Local\Temp




Periodic native trim disabled

JNI global refs:
JNI global refs: 20, weak refs: 0

JNI global refs memory usage: 835, weak refs: 201

Process memory usage:
Resident Set Size: 98628K (0% of 16057352K total physical memory with 3434456K free physical memory)

OOME stack traces (most recent first):
Classloader memory used:
